
************* Path validation summary **************
Response                         Time (ms)     Location
Deferred                                       srv*C:\Symbols*https://msdl.microsoft.com/download/symbols
Opened log file '<log>'

************* Preparing the environment for Debugger Extensions Gallery repositories **************
   ExtensionRepository : Implicit
   UseExperimentalFeatureForNugetShare : true
   AllowNugetExeUpdate : true
   NonInteractiveNuget : true
   AllowNugetMSCredentialProviderInstall : true
   AllowParallelInitializationOfLocalRepositories : true

   -- Configuring repositories
      ----> Repository : LocalInstalled, Enabled: true
      ----> Repository : UserExtensions, Enabled: true

>>>>>>>>>>>>> Preparing the environment for Debugger Extensions Gallery repositories completed, duration 0.000 seconds

************* Waiting for Debugger Extensions Gallery to Initialize **************

>>>>>>>>>>>>> Waiting for Debugger Extensions Gallery to Initialize completed, duration 0.016 seconds
   ----> Repository : UserExtensions, Enabled: true, Packages count: 0
   ----> Repository : LocalInstalled, Enabled: true, Packages count: 46

Microsoft (R) Windows Debugger Version 10.0.29617.1000 AMD64
Copyright (c) Microsoft Corporation. All rights reserved.


Loading Dump File [<LiveDump.dmp>]

************* Path validation summary **************
Response                         Time (ms)     Location
Deferred                                       srv*C:\Symbols*https://msdl.microsoft.com/download/symbols
Symbol search path is: srv*C:\Symbols*https://msdl.microsoft.com/download/symbols
Executable search path is: 
NatVis script successfully loaded from 'C:\Program Files\WindowsApps\Microsoft.WinDbg_1.2606.22001.0_x64__8wekyb3d8bbwe\amd64\Visualizers\atlmfc.natvis'
NatVis script successfully loaded from 'C:\Program Files\WindowsApps\Microsoft.WinDbg_1.2606.22001.0_x64__8wekyb3d8bbwe\amd64\Visualizers\concurrency.natvis'
NatVis script successfully loaded from 'C:\Program Files\WindowsApps\Microsoft.WinDbg_1.2606.22001.0_x64__8wekyb3d8bbwe\amd64\Visualizers\cpp_rest.natvis'
NatVis script successfully loaded from 'C:\Program Files\WindowsApps\Microsoft.WinDbg_1.2606.22001.0_x64__8wekyb3d8bbwe\amd64\Visualizers\ObjectiveC.natvis'
NatVis script successfully loaded from 'C:\Program Files\WindowsApps\Microsoft.WinDbg_1.2606.22001.0_x64__8wekyb3d8bbwe\amd64\Visualizers\stl.natvis'
NatVis script successfully loaded from 'C:\Program Files\WindowsApps\Microsoft.WinDbg_1.2606.22001.0_x64__8wekyb3d8bbwe\amd64\Visualizers\Windows.Data.Json.natvis'
NatVis script successfully loaded from 'C:\Program Files\WindowsApps\Microsoft.WinDbg_1.2606.22001.0_x64__8wekyb3d8bbwe\amd64\Visualizers\Windows.Devices.Geolocation.natvis'
NatVis script successfully loaded from 'C:\Program Files\WindowsApps\Microsoft.WinDbg_1.2606.22001.0_x64__8wekyb3d8bbwe\amd64\Visualizers\Windows.Devices.Sensors.natvis'
NatVis script successfully loaded from 'C:\Program Files\WindowsApps\Microsoft.WinDbg_1.2606.22001.0_x64__8wekyb3d8bbwe\amd64\Visualizers\Windows.Media.natvis'
NatVis script successfully loaded from 'C:\Program Files\WindowsApps\Microsoft.WinDbg_1.2606.22001.0_x64__8wekyb3d8bbwe\amd64\Visualizers\windows.natvis'
NatVis script successfully loaded from 'C:\Program Files\WindowsApps\Microsoft.WinDbg_1.2606.22001.0_x64__8wekyb3d8bbwe\amd64\Visualizers\winrt.natvis'
ModLoad: 00000001`40000000 00000001`40430000   C:\Windows\System32\win32kfull.sys
win32kfull!GsDriverEntry:
00000001`40406010 48895c2408      mov     qword ptr [rsp+8],rbx ss:00000000`00000008=????????????????
0:000> # PsReferencePrimaryToken 140001000 L42f000; .echo ====DEREF; # PsDereferencePrimaryToken 140001000 L42f000; q
win32kfull!xxxCloseClipboard+0xe8:
00000001`40130298 48ff15e9652a00  call    qword ptr [win32kfull!_imp_PsReferencePrimaryToken (00000001`403d6888)]
win32kfull!CForegroundLaunch::_CheckAllowForeground+0x3a9:
00000001`401a062d 48ff1554622300  call    qword ptr [win32kfull!_imp_PsReferencePrimaryToken (00000001`403d6888)]
win32kfull!xxxQueryInformationThread+0x1d2:
00000001`401bfe5a 48ff15276a2100  call    qword ptr [win32kfull!_imp_PsReferencePrimaryToken (00000001`403d6888)]
win32kfull!EtwTraceLayoutChangeStop+0xa4:
00000001`401f86cc 48ff15b5e11d00  call    qword ptr [win32kfull!_imp_PsReferencePrimaryToken (00000001`403d6888)]
win32kfull!IsProcessUserService+0x6d:
00000001`40201909 48ff15784f1d00  call    qword ptr [win32kfull!_imp_PsReferencePrimaryToken (00000001`403d6888)]
win32kfull!PROXYPORT::PROXYPORT+0x1a9:
00000001`40203ab5 48ff15cc2d1d00  call    qword ptr [win32kfull!_imp_PsReferencePrimaryToken (00000001`403d6888)]
win32kfull!bIsProcessLocalSystem+0x16:
00000001`40253056 48ff152b381800  call    qword ptr [win32kfull!_imp_PsReferencePrimaryToken (00000001`403d6888)]
                                                 ^ Memory access error in '# PsReferencePrimaryToken 140001000 l42f000; .echo ====DEREF; # PsDereferencePrimaryToken 140001000 L42f000; q'
NatVis script unloaded from 'C:\Program Files\WindowsApps\Microsoft.WinDbg_1.2606.22001.0_x64__8wekyb3d8bbwe\amd64\Visualizers\atlmfc.natvis'
NatVis script unloaded from 'C:\Program Files\WindowsApps\Microsoft.WinDbg_1.2606.22001.0_x64__8wekyb3d8bbwe\amd64\Visualizers\concurrency.natvis'
NatVis script unloaded from 'C:\Program Files\WindowsApps\Microsoft.WinDbg_1.2606.22001.0_x64__8wekyb3d8bbwe\amd64\Visualizers\cpp_rest.natvis'
NatVis script unloaded from 'C:\Program Files\WindowsApps\Microsoft.WinDbg_1.2606.22001.0_x64__8wekyb3d8bbwe\amd64\Visualizers\ObjectiveC.natvis'
NatVis script unloaded from 'C:\Program Files\WindowsApps\Microsoft.WinDbg_1.2606.22001.0_x64__8wekyb3d8bbwe\amd64\Visualizers\stl.natvis'
NatVis script unloaded from 'C:\Program Files\WindowsApps\Microsoft.WinDbg_1.2606.22001.0_x64__8wekyb3d8bbwe\amd64\Visualizers\Windows.Data.Json.natvis'
NatVis script unloaded from 'C:\Program Files\WindowsApps\Microsoft.WinDbg_1.2606.22001.0_x64__8wekyb3d8bbwe\amd64\Visualizers\Windows.Devices.Geolocation.natvis'
NatVis script unloaded from 'C:\Program Files\WindowsApps\Microsoft.WinDbg_1.2606.22001.0_x64__8wekyb3d8bbwe\amd64\Visualizers\Windows.Devices.Sensors.natvis'
NatVis script unloaded from 'C:\Program Files\WindowsApps\Microsoft.WinDbg_1.2606.22001.0_x64__8wekyb3d8bbwe\amd64\Visualizers\Windows.Media.natvis'
NatVis script unloaded from 'C:\Program Files\WindowsApps\Microsoft.WinDbg_1.2606.22001.0_x64__8wekyb3d8bbwe\amd64\Visualizers\windows.natvis'
NatVis script unloaded from 'C:\Program Files\WindowsApps\Microsoft.WinDbg_1.2606.22001.0_x64__8wekyb3d8bbwe\amd64\Visualizers\winrt.natvis'
