
************* Path validation summary **************
Response                         Time (ms)     Location
Deferred                                       srv*C:\Symbols*https://msdl.microsoft.com/download/symbols
Opened log file '<log>'

************* Preparing the environment for Debugger Extensions Gallery repositories **************
   ExtensionRepository : Implicit
   UseExperimentalFeatureForNugetShare : true
   AllowNugetExeUpdate : true
   NonInteractiveNuget : true
   AllowNugetMSCredentialProviderInstall : true
   AllowParallelInitializationOfLocalRepositories : true

   -- Configuring repositories
      ----> Repository : LocalInstalled, Enabled: true
      ----> Repository : UserExtensions, Enabled: true

>>>>>>>>>>>>> Preparing the environment for Debugger Extensions Gallery repositories completed, duration 0.000 seconds

************* Waiting for Debugger Extensions Gallery to Initialize **************

>>>>>>>>>>>>> Waiting for Debugger Extensions Gallery to Initialize completed, duration 0.016 seconds
   ----> Repository : UserExtensions, Enabled: true, Packages count: 0
   ----> Repository : LocalInstalled, Enabled: true, Packages count: 46

Microsoft (R) Windows Debugger Version 10.0.29617.1000 AMD64
Copyright (c) Microsoft Corporation. All rights reserved.


Loading Dump File [<LiveDump.dmp>]

************* Path validation summary **************
Response                         Time (ms)     Location
Deferred                                       srv*C:\Symbols*https://msdl.microsoft.com/download/symbols
Symbol search path is: srv*C:\Symbols*https://msdl.microsoft.com/download/symbols
Executable search path is: 
NatVis script successfully loaded from 'C:\Program Files\WindowsApps\Microsoft.WinDbg_1.2606.22001.0_x64__8wekyb3d8bbwe\amd64\Visualizers\atlmfc.natvis'
NatVis script successfully loaded from 'C:\Program Files\WindowsApps\Microsoft.WinDbg_1.2606.22001.0_x64__8wekyb3d8bbwe\amd64\Visualizers\concurrency.natvis'
NatVis script successfully loaded from 'C:\Program Files\WindowsApps\Microsoft.WinDbg_1.2606.22001.0_x64__8wekyb3d8bbwe\amd64\Visualizers\cpp_rest.natvis'
NatVis script successfully loaded from 'C:\Program Files\WindowsApps\Microsoft.WinDbg_1.2606.22001.0_x64__8wekyb3d8bbwe\amd64\Visualizers\ObjectiveC.natvis'
NatVis script successfully loaded from 'C:\Program Files\WindowsApps\Microsoft.WinDbg_1.2606.22001.0_x64__8wekyb3d8bbwe\amd64\Visualizers\stl.natvis'
NatVis script successfully loaded from 'C:\Program Files\WindowsApps\Microsoft.WinDbg_1.2606.22001.0_x64__8wekyb3d8bbwe\amd64\Visualizers\Windows.Data.Json.natvis'
NatVis script successfully loaded from 'C:\Program Files\WindowsApps\Microsoft.WinDbg_1.2606.22001.0_x64__8wekyb3d8bbwe\amd64\Visualizers\Windows.Devices.Geolocation.natvis'
NatVis script successfully loaded from 'C:\Program Files\WindowsApps\Microsoft.WinDbg_1.2606.22001.0_x64__8wekyb3d8bbwe\amd64\Visualizers\Windows.Devices.Sensors.natvis'
NatVis script successfully loaded from 'C:\Program Files\WindowsApps\Microsoft.WinDbg_1.2606.22001.0_x64__8wekyb3d8bbwe\amd64\Visualizers\Windows.Media.natvis'
NatVis script successfully loaded from 'C:\Program Files\WindowsApps\Microsoft.WinDbg_1.2606.22001.0_x64__8wekyb3d8bbwe\amd64\Visualizers\windows.natvis'
NatVis script successfully loaded from 'C:\Program Files\WindowsApps\Microsoft.WinDbg_1.2606.22001.0_x64__8wekyb3d8bbwe\amd64\Visualizers\winrt.natvis'
ModLoad: 00000001`40000000 00000001`40344000   C:\Windows\System32\win32kbase.sys
win32kbase!GsDriverEntry:
00000001`402f4560 48895c2408      mov     qword ptr [rsp+8],rbx ss:00000000`00000008=????????????????
0:000> .reload /f; uf win32kbase!UPDWORDPointer; q
.
win32kbase!UPDWORDPointer:
00000001`40113880 4053            push    rbx
00000001`40113882 4883ec20        sub     rsp,20h
00000001`40113886 8bd9            mov     ebx,ecx
00000001`40113888 48ff15f1981b00  call    qword ptr [win32kbase!_imp_W32GetUserSessionState (00000001`402cd180)]
00000001`4011388f 0f1f440000      nop     dword ptr [rax+rax]
00000001`40113894 81c300e0ffff    add     ebx,0FFFFE000h
00000001`4011389a d1eb            shr     ebx,1
00000001`4011389c 8d4b01          lea     ecx,[rbx+1]
00000001`4011389f 4881c1a8100000  add     rcx,10A8h
00000001`401138a6 48c1e104        shl     rcx,4
00000001`401138aa 4803c1          add     rax,rcx
00000001`401138ad 4883c420        add     rsp,20h
00000001`401138b1 5b              pop     rbx
00000001`401138b2 c3              ret
quit:
NatVis script unloaded from 'C:\Program Files\WindowsApps\Microsoft.WinDbg_1.2606.22001.0_x64__8wekyb3d8bbwe\amd64\Visualizers\atlmfc.natvis'
NatVis script unloaded from 'C:\Program Files\WindowsApps\Microsoft.WinDbg_1.2606.22001.0_x64__8wekyb3d8bbwe\amd64\Visualizers\concurrency.natvis'
NatVis script unloaded from 'C:\Program Files\WindowsApps\Microsoft.WinDbg_1.2606.22001.0_x64__8wekyb3d8bbwe\amd64\Visualizers\cpp_rest.natvis'
NatVis script unloaded from 'C:\Program Files\WindowsApps\Microsoft.WinDbg_1.2606.22001.0_x64__8wekyb3d8bbwe\amd64\Visualizers\ObjectiveC.natvis'
NatVis script unloaded from 'C:\Program Files\WindowsApps\Microsoft.WinDbg_1.2606.22001.0_x64__8wekyb3d8bbwe\amd64\Visualizers\stl.natvis'
NatVis script unloaded from 'C:\Program Files\WindowsApps\Microsoft.WinDbg_1.2606.22001.0_x64__8wekyb3d8bbwe\amd64\Visualizers\Windows.Data.Json.natvis'
NatVis script unloaded from 'C:\Program Files\WindowsApps\Microsoft.WinDbg_1.2606.22001.0_x64__8wekyb3d8bbwe\amd64\Visualizers\Windows.Devices.Geolocation.natvis'
NatVis script unloaded from 'C:\Program Files\WindowsApps\Microsoft.WinDbg_1.2606.22001.0_x64__8wekyb3d8bbwe\amd64\Visualizers\Windows.Devices.Sensors.natvis'
NatVis script unloaded from 'C:\Program Files\WindowsApps\Microsoft.WinDbg_1.2606.22001.0_x64__8wekyb3d8bbwe\amd64\Visualizers\Windows.Media.natvis'
NatVis script unloaded from 'C:\Program Files\WindowsApps\Microsoft.WinDbg_1.2606.22001.0_x64__8wekyb3d8bbwe\amd64\Visualizers\windows.natvis'
NatVis script unloaded from 'C:\Program Files\WindowsApps\Microsoft.WinDbg_1.2606.22001.0_x64__8wekyb3d8bbwe\amd64\Visualizers\winrt.natvis'
